
Pre-requisites:

1) RHEL7 Server and client nodes (two numbers)
2) Make sure both are reachable from one another
3) make an entry of each both in /etc/hosts
4) Iptables is stopped to prevent issues while setting up services


1) Install the required LDAP Packages "Openldap"

yum -y install openldap migrationtools

2) Create a LDAP root password for administration purpose

slappasswd - OpenLDAP password utility

[root@master named]# slappasswd
New password:
Re-enter new password:
{SSHA}TaxXv1nAEn7OPrhxlgnP8YCzNeepfk8p
[root@master named]#

3) Edit the OpenLDAP Server Configuration

olcDatabase={2}hdb.ldif
========================
Change the domain name to example.com and add root password and add 
certificate file and key

[root@master cn=config]# cat olcDatabase={2}hdb.ldif
# AUTO-GENERATED FILE - DO NOT EDIT!! Use ldapmodify.
# CRC32 1f0547ba
dn: olcDatabase={2}hdb
objectClass: olcDatabaseConfig
objectClass: olcHdbConfig
olcDatabase: {2}hdb
olcDbDirectory: /var/lib/ldap
#olcSuffix: dc=my-domain,dc=com
olcSuffix: dc=example,dc=com
#olcRootDN: cn=Manager,dc=my-domain,dc=com
olcRootDN: cn=Manager,dc=example,dc=com
olcDbIndex: objectClass eq,pres
olcDbIndex: ou,cn,mail,surname,givenname eq,pres,sub
structuralObjectClass: olcHdbConfig
entryUUID: 400d20d2-7b61-1038-815c-3f882637165f
creatorsName: cn=config
createTimestamp: 20181113072658Z
entryCSN: 20181113072658.744307Z#000000#000#000000
modifiersName: cn=config
modifyTimestamp: 20181113072658Z
olcRootPW: {SSHA}TaxXv1nAEn7OPrhxlgnP8YCzNeepfk8p
olcTLSCertificateFile: /etc/pki/tls/certs/example.pem
olcTLSCertificateKeyFile: /etc/pki/tls/certs/examplekey.pem
[root@master cn=config]#

olcDatabase={1}monitor.ldif
===========================
add example.com domain name to file.

[root@master cn=config]# cat olcDatabase={1}monitor.ldif
# AUTO-GENERATED FILE - DO NOT EDIT!! Use ldapmodify.
# CRC32 e2a2700f
dn: olcDatabase={1}monitor
objectClass: olcDatabaseConfig
olcDatabase: {1}monitor
olcAccess: {0}to * by dn.base="gidNumber=0+uidNumber=0,cn=peercred,cn=extern
 al,cn=auth" read by dn.base="cn=Manager,dc=example,dc=com" read by * none
structuralObjectClass: olcDatabaseConfig
entryUUID: 400d1c22-7b61-1038-815b-3f882637165f
creatorsName: cn=config
createTimestamp: 20181113072658Z
entryCSN: 20181113072658.744187Z#000000#000#000000
modifiersName: cn=config
modifyTimestamp: 20181113072658Z
[root@master cn=config]#
[root@master cn=config]#



[root@master cn=config]# slaptest -u
5bea8764 ldif_read_file: checksum error on "/etc/openldap/slapd.d/cn=config/olcDatabase={1}monitor.ldif"
5bea8764 ldif_read_file: checksum error on "/etc/openldap/slapd.d/cn=config/olcDatabase={2}hdb.ldif"
config file testing succeeded
[root@master cn=config]#


[root@master cn=config]# yum --showduplicates list openldap-servers
Loaded plugins: langpacks, product-id, search-disabled-repos, subscription-manager
This system is not registered with an entitlement server. You can use subscription-manager to register.
Installed Packages
openldap-servers.x86_64                                                                        2.4.44-18.el7                                                                        @RHEL-7.6
Available Packages
openldap-servers.x86_64                                                                        2.4.44-18.el7                                                                        RHEL-7.6
[root@master cn=config]#


4) Provide the Monitor privileges

5) Enable and start SLDAP Service

systemctl start slapd
systemctl enable slapd

6) Configure the LDAP Database

7) Create the self-signed certificate

8) Create base objects in OpenLDAP

9) Generate a base.ldif file for your Domain

10) Create a Local users

11) Import Users in to the LDAP Database

12) Test the configuration
