Step1: configure yum repo 
======
[root@rhel-master yum.repos.d]# cat puppet.repo
[puppet]
name=Puppet
baseurl=https://yum.puppetlabs.com/puppet6/el/7/x86_64/
enabled=1
gpgcheck=0
[root@rhel-master yum.repos.d]#

Step2: Install puppet master,agent,db,bolt
======
#yum --disablerepo=epel install puppetserver puppet-agent puppet-bolt puppetdb

Step3: Enable puppet server and puppet agent
======
[root@rhel-master yum.repos.d]# systemctl enable puppetserver
Created symlink from /etc/systemd/system/multi-user.target.wants/puppetserver.service to /usr/lib/systemd/system/puppetserver.service.

[root@rhel-master yum.repos.d]# systemctl enable puppet
Created symlink from /etc/systemd/system/multi-user.target.wants/puppet.service to /usr/lib/systemd/system/puppet.service.
[root@rhel-master yum.repos.d]#

[root@rhel-master yum.repos.d]# systemctl start puppetserver
[root@rhel-master yum.repos.d]# systemctl start puppet

[root@rhel-master yum.repos.d]# systemctl status puppetserver
● puppetserver.service - puppetserver Service
   Loaded: loaded (/usr/lib/systemd/system/puppetserver.service; enabled; vendor preset: disabled)
   Active: active (running) since Fri 2018-10-26 19:47:43 IST; 7min ago
  Process: 5906 ExecStart=/opt/puppetlabs/server/apps/puppetserver/bin/puppetserver start (code=exited, status=0/SUCCESS)
 Main PID: 5913 (java)
    Tasks: 39
   CGroup: /system.slice/puppetserver.service
           └─5913 /usr/bin/java -Xms512m -Xmx512m -Djruby.logger.class=com.puppetlabs.jruby_utils.jruby.Slf4jLogger -Djava.security.egd=/dev/urandom -XX:OnOutOfMemoryError=kill -9 %p -cp...

Oct 26 19:44:59 rhel-master systemd[1]: Starting puppetserver Service...
Oct 26 19:47:43 rhel-master systemd[1]: Started puppetserver Service.
[root@rhel-master yum.repos.d]#


Error starting puppet server-1
============================
-- Unit puppetserver.service has begun starting up.
Oct 26 19:09:25 rhel-master puppetserver[31896]: Exception in thread "main" java.lang.Error: Not enough available RAM (1,459MB) 
to safely accommodate the configured JVM heap size of 1,979MB

https://puppet.com/docs/pe/2017.3/config_java_args.html

Service	Default heap size	New heap size	JSON string
pe-console-services	256 MB	512 MB	{"Xmx": "512m", "Xms": "512m"}
Puppet Server	2 GB	4 GB	{"Xmx": "4096m", "Xms": "4096m"}
orchestration-services	192 MB	1000 MB	{"Xmx": "1000m", "Xms": "1000m"}
PuppetDB	256 MB	512 MB	{"Xmx": "512m", "Xms": "512m"}
ActiveMQ	512 MB	1024 MB	{"Xmx": "1024m", "Xms": "1024m"}

[root@rhel-master yum.repos.d]# vi /etc/sysconfig/puppetserver
modify belo lines 
# Modify this if you'd like to change the memory allocation, enable JMX, etc
#JAVA_ARGS="-Xms2g -Xmx2g -Djruby.logger.class=com.puppetlabs.jruby_utils.jruby.Slf4jLogger"
JAVA_ARGS="-Xms512m -Xmx512m -Djruby.logger.class=com.puppetlabs.jruby_utils.jruby.Slf4jLogger"


Error starting puppet server-2
============================
Oct 26 19:44:59 rhel-master systemd[1]: Unit puppetserver.service entered failed state.
Oct 26 19:44:59 rhel-master systemd[1]: puppetserver.service failed.
Oct 26 19:44:59 rhel-master polkitd[597]: Unregistered Authentication Agent for unix-process:5808:30159070 (system bus name :1.1767, object path /org/freedesktop/PolicyKit1/AuthenticationAg
Oct 26 19:44:59 rhel-master systemd[1]: puppetserver.service holdoff time over, scheduling restart.

Policykit is a system daemon and policykit authentication agent is used to verify identity of the user before executing actions. 
The messages logged in /var/log/secure show that an authentication agent is registered when user logs in and it gets unregistered when user logs out. 
These messages are harmless and can be safely ignored.


Step-4
======
[root@rhel-master yum.repos.d]# yum install ntp ntpdate

[root@rhel-master yum.repos.d]# systemctl enable ntpd
Created symlink from /etc/systemd/system/multi-user.target.wants/ntpd.service to /usr/lib/systemd/system/ntpd.service.
[root@rhel-master yum.repos.d]# systemctl start ntpd
[root@rhel-master yum.repos.d]#

====================================================================================================================================

CBT Nuggets
===========

Puppet 

Puppet Master
Puppet Agent

Configuration management and automation

Websites for repo
=================
http://apt.puppetlabs.com   # Ubuntu
http://yum.puppetlabs.com	# Redhat/CentOS

wget http://yum.puppetlabs.com/puppetlabs-release-pc1-el-7.noarch.rpm
rpm -ivh puppetlabs-release-pc1-el-7.noarch.rpm

On puppet server
================

yum install puppetserver

vi /etc/sysconfig/puppetserver

# Modify this if you'd like to change the memory allocation, enable JMX, etc
JAVA_ARGS="-Xms800m -Xmx800m -XX:MaxPermSize=256m"

systemctl enable puppetserver
systemctl start puppetserver  # it will take up to 5 min to start
systemctl status puppetserver

Puppet Binaries
================
[root@master bin]# pwd
/opt/puppetlabs/bin
[root@master bin]# ls
facter  hiera  mco  puppet  puppetserver
[root@master bin]#

[root@master bin]# pwd
/opt/puppetlabs/bin
[root@master bin]# echo $PATH
/usr/local/sbin:/usr/local/bin:/usr/sbin:/usr/bin:/opt/puppetlabs/bin:/root/bin
[root@master bin]#

[root@master opt]# firewall-cmd --permanent --add-port=8140/tcp
success
[root@master opt]# firewall-cmd --reload
success
[root@master opt]# ss -ntlup |grep -i puppet
[root@master opt]# ss -ntlup |grep -i 8140
tcp    LISTEN     0      50       :::8140                 :::*                   users:(("java",pid=11679,fd=20))
[root@master opt]#


On Puppet Agent/client
======================
ssl sign b/w agent and puppetmaster

yum install puppet-agent
----------------------------------------------------------
vi /etc/puppetlabs/puppet/puppet.conf  # configuration file
[main]
server = mypuppetserver
-----------------------------------------------------------
systemctl enable puppet
systemctl start puppet
systemctl enable puppet



[root@client ~]# puppet agent --test
Error: Could not request certificate: No route to host - connect(2) for "puppet" port 8140
Exiting; failed to retrieve certificate and waitforcert is disabled

Add firewall rule if you have enabled firewalld and make sure 8140 port is opened in puppetmaster

Successfully created certificate
-------------------------------
[root@client ~]# puppet agent --test
Info: Caching certificate for ca
Info: csr_attributes file loading from /etc/puppetlabs/puppet/csr_attributes.yaml
Info: Creating a new SSL certificate request for client
Info: Certificate Request fingerprint (SHA256): B7:62:90:42:C0:7C:02:0A:AD:D5:45:A0:80:94:25:BD:D5:A8:38:01:7E:7B:29:26:FB:8B:BE:6A:13:B8:88:85
Info: Caching certificate for ca
Exiting; no certificate found and waitforcert is disabled
[root@client ~]#

Go to pupper master Server
==========================

puppet cert list  #shows the list of certifies waiting for sign
puppet cert sign <hostname>


[root@master opt]# puppet cert list
  "client" (SHA256) B7:62:90:42:C0:7C:02:0A:AD:D5:45:A0:80:94:25:BD:D5:A8:38:01:7E:7B:29:26:FB:8B:BE:6A:13:B8:88:85


[root@master opt]# puppet cert sign client
Signing Certificate Request for:
  "client" (SHA256) B7:62:90:42:C0:7C:02:0A:AD:D5:45:A0:80:94:25:BD:D5:A8:38:01:7E:7B:29:26:FB:8B:BE:6A:13:B8:88:85
Notice: Signed certificate request for client
Notice: Removing file Puppet::SSL::CertificateRequest client at '/etc/puppetlabs/puppet/ssl/ca/requests/client.pem'
[root@master opt]#

go to client/agent
==================

puppet agent --test

[root@client ~]# puppet agent --test
Info: Using configured environment 'production'
Info: Retrieving pluginfacts
Info: Retrieving plugin
Info: Caching catalog for client
Info: Applying configuration version '1555658918'
Notice: Applied catalog in 0.02 seconds
[root@client ~]#

go to puppetmaster
=================
[root@master opt]# puppet cert list
[root@master opt]#
 once it is signed it will not show the 
 
 
Manage a file on Agent Computer
================================
master:
======
cd /etc/puppetlabs/code/environments/production/manifests
[root@master manifests]# vi site.pp
node default {
   file { '/etc/motd':
        onwer => 'root',
        group => 'root',
        mode => '0644',
        content => "\nAll Hail the knife Crab\n"
        }
}
[root@master manifests]#

client
======

[root@client ~]# puppet agent --test
Info: Using configured environment 'production'
Info: Retrieving pluginfacts
Info: Retrieving plugin
Info: Caching catalog for client
Info: Applying configuration version '1555659833'
Notice: /Stage[main]/Main/Node[default]/File[/etc/motd]/content:
--- /etc/motd   2013-06-07 10:31:32.000000000 -0400
+++ /tmp/puppet-file20190419-22347-1tukvi1      2019-04-19 03:43:53.756312689 -                                                                                      0400
@@ -0,0 +1,2 @@
+
+All Hail the knife Crab

Info: Computing checksum on file /etc/motd
Info: /Stage[main]/Main/Node[default]/File[/etc/motd]: Filebucketed /etc/motd t                                                                                      o puppet with sum d41d8cd98f00b204e9800998ecf8427e
Notice: /Stage[main]/Main/Node[default]/File[/etc/motd]/content: content change                                                                                      d '{md5}d41d8cd98f00b204e9800998ecf8427e' to '{md5}760e3c4e99a82cd841e922013d32                                                                                      3634'
Notice: Applied catalog in 0.33 seconds
[root@client ~]#


If you need specific server 
===========================
[root@master manifests]# cat site.pp
node default {
   file { '/etc/motd':
        owner => 'root',
        group => 'root',
        mode => '0644',
        content => "\nAll Hail the knife Crab\n"
        }
}

node client {
}


=========================================

using modules : Organizing
=============
cd /etc/puppetlabs/code/environments/production
cd modules
mkdir motd # module name
cd motd
mkdir manifests 
cd manifests

[root@master manifests]# vi init.pp
class motd {
           file { '/etc/motd':
                        owner => 'root',
                        group => 'root',
                        mode => '0644',
                        content => inline_template("The current time is <%= Time.now %>\n")
                }
           }
[root@master manifests]#


[root@master manifests]# cat crabby.pp
class motd::crabby {
        notify { "knife crab is the best": }
}
[root@master manifests]#


Puppet Facter
=============

Puppet Package installation
===========================
cd /etc/puppetlabs/code/environments/production/modules/
mkdir packages
cd packages
mkdir manifests

[root@master manifests]# vi init.pp
class mystuff {

notify { "I'm installting stuff like you wanted me to sir": }

include 'mystuff::vim'
}
[root@master manifests]#


[root@master manifests]# vi httpd.pp
class mystuff::httpd {

package { 'httpd':
        ensure => 'installed'
        }

service { 'httpd':
        ensure => running,
        enable => true,
        }
}
[root@master manifests]#


[root@master manifests]# vi vim.pp
class mystuff::vim {

        package { 'vim':
                ensure => 'latest' # or installed
                }
}
[root@master manifests]#


client side test
-------------------------
[root@client manifests]# puppet agent --test
Info: Using configured environment 'production'
Info: Retrieving pluginfacts
Info: Retrieving plugin
Info: Caching catalog for client
Info: Applying configuration version '1555762365'
Notice: /Stage[main]/Motd/File[/etc/motd]/content:
--- /etc/motd   2019-04-20 08:09:23.410818159 -0400
+++ /tmp/puppet-file20190420-3471-1o1wdnr       2019-04-20 08:12:28.041385890 -0                                                                                     400
@@ -1 +1 @@
-The current time on RedHat is 2019-04-20 08:09:43 -0400
+The current time on RedHat is 2019-04-20 08:12:45 -0400

Info: Computing checksum on file /etc/motd
Info: /Stage[main]/Motd/File[/etc/motd]: Filebucketed /etc/motd to puppet with s                                                                                     um a509b89fefb7da932c4dfeed8fad5884
Notice: /Stage[main]/Motd/File[/etc/motd]/content: content changed '{md5}a509b89                                                                                     fefb7da932c4dfeed8fad5884' to '{md5}10f721031c1ef6a1d8447c44fdaae587'
Notice: I'm installting stuff like you wanted me to sir
Notice: /Stage[main]/Mystuff/Notify[I'm installting stuff like you wanted me to                                                                                      sir]/message: defined 'message' as 'I'm installting stuff like you wanted me to                                                                                      sir'
Notice: /Stage[main]/Mystuff::Httpd/Service[httpd]/ensure: ensure changed 'stopp                                                                                     ed' to 'running'
Info: /Stage[main]/Mystuff::Httpd/Service[httpd]: Unscheduling refresh on Servic                                                                                     e[httpd]
Notice: Applied catalog in 7.30 seconds
[root@client manifests]# systemctl status httpd
● httpd.service - The Apache HTTP Server
   Loaded: loaded (/usr/lib/systemd/system/httpd.service; enabled; vendor preset                                                                                     : disabled)
   Active: active (running) since Sat 2019-04-20 08:12:34 EDT; 4s ago
     Docs: man:httpd(8)
           man:apachectl(8)
 Main PID: 3599 (httpd)
   Status: "Processing requests..."
   CGroup: /system.slice/httpd.service
           ├─3599 /usr/sbin/httpd -DFOREGROUND
           ├─3600 /usr/sbin/httpd -DFOREGROUND
           ├─3601 /usr/sbin/httpd -DFOREGROUND
           ├─3602 /usr/sbin/httpd -DFOREGROUND
           ├─3605 /usr/sbin/httpd -DFOREGROUND
           └─3606 /usr/sbin/httpd -DFOREGROUND

Apr 20 08:12:34 client systemd[1]: Starting The Apache HTTP Server...
Apr 20 08:12:34 client httpd[3599]: AH00558: httpd: Could not reliably dete...ge
Apr 20 08:12:34 client systemd[1]: Started The Apache HTTP Server.
Hint: Some lines were ellipsized, use -l to show in full.



====================================

Puppet conditionals
====================

[root@master manifests]# vi apache.pp
class mystuff::apache {

if $osfamily == 'redhat' {
        package { 'httpd':
                ensure => 'latest'
                }
        service { 'httpd':
                ensure => running,
                enable => true,
                }
        exec { 'firewall-cmd':
                command => "firewall-cmd --zone=public --permanent --add-port=80/tcp",
                path => "/usr/bin/",
                refreshonly => true,
                subscribe => Package['httpd'],
             }
}
elsif $osfamily == 'debian' {
        package { 'apache2':
                ensure => 'latest'
                }
}

}
[root@master manifests]#

======================================

Puppet Files and File Templates

System wide module folder
=========================
/etc/puppetlabs/code/modules
downloaded from puppet forge

puppet:///modules/mod-name/file.txt

.../production/modules/mod_name/files/file.txt


example:

cd /etc/puppetlabs/code/environments/production/modules
mkdir files
cd files
mkdir manifests
cd manifests
vim init.pp

[root@master manifests]# vi init.pp
class file {
        file { '/etc/motd':
                owner => 'root',
                group => 'root',
                mode => '0644',
                source => "puppet:///modules/file/motd.txt"
}
[root@master manifests]#

cd ..
vi motd.txt
--------------
--------------
------------ wq!

================================================================
Templates :

/etc/puppetlabs/code/environments/production/modules/mystuff/manifests
[root@master manifests]# cat init.pp
class mystuff {

notify { "I'm installting stuff like you wanted me to sir": }

include 'mystuff::vim'
include 'mystuff::apache'
include 'mystuff::docs'
}
[root@master manifests]#


[root@master manifests]# cat docs.pp
class mystuff::docs {

file { '/var/www/html/index.html':
        content => template('mystuff/index.html.erb')
     }

}
[root@master manifests]#



[root@master mystuff]# pwd
/etc/puppetlabs/code/environments/production/modules/mystuff
[root@master mystuff]# mk dir template
[root@master mystuff]# cd templates/
[root@master templates]# vi index.html.erb

[root@master templates]# cat index.html.erb
<html>
<h1>
I love Linux, especially at <%= Time.now %>
</h1>
<h3>
But I love <%= @osfamily %> the most
</h3>
</html>
[root@master templates]#

========================================================================

Puppet Forget
==============
https://forge.puppet.com/


[root@master templates]# puppet module list
/etc/puppetlabs/code/environments/production/modules
├── file (???)
├── motd (???)
└── mystuff (???)
/etc/puppetlabs/code/modules (no modules installed)
/opt/puppetlabs/puppet/modules (no modules installed)
[root@master templates]#


 puppet module search ntp
 
[root@master templates]# puppet module install puppetlabs-ntp
Notice: Preparing to install into /etc/puppetlabs/code/environments/production/modules ...
Notice: Downloading from https://forgeapi.puppet.com ...
Notice: Installing -- do not interrupt ...
/etc/puppetlabs/code/environments/production/modules
└─┬ puppetlabs-ntp (v7.4.0)
  └── puppetlabs-stdlib (v5.2.0)
[root@master templates]#


it downloads under ../production/modules/ntp/manifests


vi site.pp
node default {
class { '::ntp::config': 
		'::ntp': 
	}
}	

==================================================
Tweaking Agent systems
----------------------\
at client

vi /etc/puppetlabs/puppet/puppet.conf
[main]
server = puppet  # by default server name is puppet
runinterval = 1m # how frequently you need to run puppet agent --test
                 # refresh is 30 min by default

redhat/centos
systemctl start puppet.service
OR
[root@client puppet]# puppet resource service puppet ensure=running enable=true
Notice: /Service[puppet]/ensure: ensure changed 'stopped' to 'running'
service { 'puppet':
  ensure => 'running',
  enable => 'true',
}
[root@client puppet]#


ubuntu/Redhat/CentOS
puppet resource service puppet ensure=running enable=true
