Ports : 137, 138 , 139
service : smb
daemon : smbd
config file : /etc/samba/smb.conf
cat /etc/services |grep -i netbiosis 

smb.conf
=======
[sharerepo]
comment = shared-directory
path = /sharerepo
public = no
valid users = samba-user1,samba-user2
writable = yes
broseable = yes
create mask = 0075
interfaces = 192.168.0.0/24
hosts allow = 192.168.0.6


How to share a linux filesystem to windows Machine
================================================

1) yum install samba samba-client -y

2) vi /etc/samba/smb.cfg
comment = samba master server
path = /sharerepo                      #make sure it has 777 permisssios 
writeable = yes                        #by default samba will not allow to write

3) testparm   # to test configuration errros

4) start the smb service

systemctl enable smb
systemctl start smb

netstat -lt |grep -i netbios          #To ensure samba port is listening or not

6) create few linux users

useradd samba-user1
useradd samba-user2

and assign password same as user

7) create samba -level password to OS users

smbpasswd -a samba-user1
smbclient -L <serverIP> -u samba-user1      # test if it works


smbclient -L //<serverIP>/<sharepoint> -U samba-user1
smb> dir 
smb>show files

8) mount a samba shared directory on Linux machine

yum install cifs-utils
mount -t cifs //master/sharepoint -o username=samba-user1 /mnt/sharepoint


[root@client yum.repos.d]# mount -t cifs //master/sharepoint /mnt
Password for root@//master/sharepoint:
[root@client yum.repos.d]# mount -t cifs //master/sharepoint -o username=samba1 /mnt
Password for samba1@//master/sharepoint:  ******
[root@client yum.repos.d]# df -k
Filesystem          1K-blocks    Used Available Use% Mounted on
/dev/sda2            12572672 3870236   8702436  31% /
devtmpfs               492048       0    492048   0% /dev
tmpfs                  507588       0    507588   0% /dev/shm
tmpfs                  507588    7872    499716   2% /run
tmpfs                  507588       0    507588   0% /sys/fs/cgroup
tmpfs                  101520       4    101516   1% /run/user/42
tmpfs                  101520      28    101492   1% /run/user/1000
tmpfs                  101520       0    101520   0% /run/user/0
//master/sharepoint  12572672 8205684   4366988  66% /mnt
[root@client yum.repos.d]# cd /mnt
[root@client mnt]# mkdir f1
[root@client mnt]# ls
f1
[root@client mnt]#


9) Mout a samba shared directory in windows

-> Right click on Mycomputer
-> Add network location  : choose custom network location
-> Internet / Network Address  :  \\<serverIP>\sharepoint

\\<serverIP>\sharepoint   - File
http://webserver/share    - webshare
ftp://ftp.microsoft.com   - FTP site


============================================================================================================

NetBIOS provides three distinct services:

Name service (NetBIOS-NS) for name registration and resolution.
Datagram distribution service (NetBIOS-DGM) for connectionless communication.
Session service (NetBIOS-SSN) for connection-oriented communication.
(Note: SMB, an upper layer, is a service that runs on top of the Session Service and the Datagram service, and is not to be confused as a necessary and integral part of NetBIOS itself. It can now run atop TCP with a small adaptation layer that adds a packet length to each SMB message; this is necessary because TCP only provides a byte-stream service with no notion of packet boundaries.)

Name service
In order to start sessions or distribute datagrams, an application must register its NetBIOS name using the name service. NetBIOS names are 16 octets in length and vary based on the particular implementation. Frequently, the 16th octet, called the NetBIOS Suffix, designates the type of resource, and can be used to tell other applications what type of services the system offers. In NBT, the name service operates on UDP port 137 (TCP port 137 can also be used, but rarely is).

The name service primitives offered by NetBIOS are:

Add name – registers a NetBIOS name.
Add group name – registers a NetBIOS "group" name.
Delete name – un-registers a NetBIOS name or group name.
Find name – looks up a NetBIOS name on the network.
NetBIOS name resolution is not supported by Microsoft for Internet Protocol Version 6 (IPv6).

Datagram distribution service
Datagram mode is connectionless; the application is responsible for error detection and recovery. In NBT, the datagram service runs on UDP port 138.

The datagram service primitives offered by NetBIOS are:

Send Datagram – send a datagram to a remote NetBIOS name.
Send Broadcast Datagram – send a datagram to all NetBIOS names on the network.
Receive Datagram – wait for a packet to arrive from a Send Datagram operation.
Receive Broadcast Datagram – wait for a packet to arrive from a Send Broadcast Datagram operation.
Session service
Session mode lets two computers establish a connection, allows messages to span multiple packets, and provides error detection and recovery. In NBT, the session service runs on TCP port 139.

The session service primitives offered by NetBIOS are:

Call – opens a session to a remote NetBIOS name.
Listen – listen for attempts to open a session to a NetBIOS name.
Hang Up – close a session.
Send – sends a packet to the computer on the other end of a session.
Send No Ack – like Send, but doesn't require an acknowledgment.
Receive – wait for a packet to arrive from a Send on the other end of a session.




[root@master yp]# testparm
Load smb config files from /etc/samba/smb.conf
rlimit_max: increasing rlimit_max (1024) to minimum Windows limit (16384)
Processing section "[sharepoint]"
Processing section "[homes]"
Processing section "[printers]"
Processing section "[print$]"
Loaded services file OK.
Server role: ROLE_STANDALONE

Press enter to see a dump of your service definitions

# Global parameters
[global]
        printcap name = cups
        security = USER
        workgroup = SAMBA
        idmap config * : backend = tdb
        cups options = raw


[sharepoint]
        comment = Master Share Point
        cups options =
        path = /sharepoint
        read only = No


[homes]
        browseable = No
        comment = Home Directories
        inherit acls = Yes
        read only = No
        valid users = %S %D%w%S


[printers]
        browseable = No
        comment = All Printers
        create mask = 0600
        path = /var/tmp
        printable = Yes


[print$]
        comment = Printer Drivers
        create mask = 0664
        directory mask = 0775
        force group = @printadmin
        path = /var/lib/samba/drivers
        write list = @printadmin root
[root@master yp]#
[root@master yp]# systemctl enable smb
Created symlink from /etc/systemd/system/multi-user.target.wants/smb.service to /usr/lib/systemd/system/smb.service.
[root@master yp]# systemctl start smb
[root@master yp]# netstat -lt |grep -i netbios
tcp        0      0 0.0.0.0:netbios-ssn     0.0.0.0:*               LISTEN
tcp6       0      0 [::]:netbios-ssn        [::]:*                  LISTEN
[root@master yp]# cat /etc/services |grep -i netbiosis
[root@master yp]# cat /etc/services |grep -i netbio
netbios-ns      137/tcp                         # NETBIOS Name Service
netbios-ns      137/udp
netbios-dgm     138/tcp                         # NETBIOS Datagram Service
netbios-dgm     138/udp
netbios-ssn     139/tcp                         # NETBIOS session service
netbios-ssn     139/udp


[root@master yp]# useradd samba1
[root@master yp]# useradd samba2
[root@master yp]# smbpasswd -a samba1
New SMB password:
Retype new SMB password:
Added user samba1.
[root@master yp]# smbpasswd -a samba2
New SMB password:
Retype new SMB password:
Added user samba2.


[root@master yp]# smbclient -L master -U samba1
Connection to master failed (Error NT_STATUS_UNSUCCESSFUL)


[root@master yp]# firewall-cmd --permanent --add-service=samba
success
[root@master yp]# smbclient -L master -U samba1
Connection to master failed (Error NT_STATUS_UNSUCCESSFUL)
[root@master yp]# ping master
ping: master: Name or service not known
[root@master yp]# ping master
ping: master: Name or service not known
[root@master yp]# vi /var/named/forward.example.com
[root@master yp]# vi /var/named/reverse.example.com
[root@master yp]# ping master
ping: master: Name or service not known
[root@master yp]# systemctl restart named
[root@master yp]# ping master
PING master.example.com (192.168.33.4) 56(84) bytes of data.
64 bytes from server.example.com (192.168.33.4): icmp_seq=1 ttl=64 time=0.024 ms
^C
--- master.example.com ping statistics ---
1 packets transmitted, 1 received, 0% packet loss, time 0ms
rtt min/avg/max/mdev = 0.024/0.024/0.024/0.000 ms
[root@master yp]# smbclient -L master -U samba1
Enter SAMBA\samba1's password:

        Sharename       Type      Comment
        ---------       ----      -------
        sharepoint      Disk      Master Share Point
        print$          Disk      Printer Drivers
        IPC$            IPC       IPC Service (Samba 4.8.3)
        samba1          Disk      Home Directories
Reconnecting with SMB1 for workgroup listing.

        Server               Comment
        ---------            -------

        Workgroup            Master
        ---------            -------
[root@master yp]# smbclient -L master -U samba2
Enter SAMBA\samba2's password:

        Sharename       Type      Comment
        ---------       ----      -------
        sharepoint      Disk      Master Share Point
        print$          Disk      Printer Drivers
        IPC$            IPC       IPC Service (Samba 4.8.3)
        samba2          Disk      Home Directories
Reconnecting with SMB1 for workgroup listing.

        Server               Comment
        ---------            -------

        Workgroup            Master
        ---------            -------
[root@master yp]# firewall-cmd --reload
success
[root@master yp]#

